Proof summary for theory helloworld

	always_positive.................................................✅ proved              (0.334 s)
	always_negative.................................................✅ proved              (0.314 s)
	foo.............................................................✅ proved              (0.292 s)
	sqrt2...........................................................✅ proved              (0.322 s)
	sqrt_lb2........................................................✅ proved              (0.384 s)
	dummy...........................................................❗ unfinished          (0.352 s)
	sqrt_newton_TCC1................................................✅ proved              (0.322 s)
	sqrt_newton_TCC2................................................✅ proved              (0.371 s)
	sqrt_lb2_TCC1...................................................✅ proved              (0.329 s)
	plot_newton_TCC1................................................✅ proved              (0.325 s)
	plot_newton_TCC2................................................✅ proved              (0.305 s)

Theory helloworld totals: 11 formulas, 11 attempted, 10 succeeded (3.65 s)